[    0.000000] Initializing cgroup subsys cpuset
[    0.000000] Initializing cgroup subsys cpu
[    0.000000] Initializing cgroup subsys cpuacct
[    0.000000] Linux version 4.4.0-66-generic (buildd@lgw01-28) (gcc version 5.4.0 20160609 (Ubuntu 5.4.0-6ubuntu1~16.04.4) ) #87-Ubuntu SMP Fri Mar 3 15:29:05 UTC 2017 (Ubuntu 4.4.0-66.87-generic 4.4.44)
[    0.000000] Command line: BOOT_IMAGE=/boot/vmlinuz-4.4.0-66-generic root=LABEL=cloudimg-rootfs ro console=tty1 console=ttyS0
[    0.000000] KERNEL supported cpus:
[    0.000000]   Intel GenuineIntel
[    0.000000]   AMD AuthenticAMD
[    0.000000]   Centaur CentaurHauls
[    0.000000] x86/fpu: xstate_offset[2]:  576, xstate_sizes[2]:  256
[    0.000000] x86/fpu: Supporting XSAVE feature 0x01: 'x87 floating point registers'
[    0.000000] x86/fpu: Supporting XSAVE feature 0x02: 'SSE registers'
[    0.000000] x86/fpu: Supporting XSAVE feature 0x04: 'AVX registers'
[    0.000000] x86/fpu: Enabled xstate features 0x7, context size is 832 bytes, using 'standard' format.
[    0.000000] x86/fpu: Using 'lazy' FPU context switches.
[    0.000000] e820: BIOS-provided physical RAM map:
[    0.000000] BIOS-e820: [mem 0x0000000000000000-0x000000000009fbff] usable
[    0.000000] BIOS-e820: [mem 0x000000000009fc00-0x000000000009ffff] reserved
[    0.000000] BIOS-e820: [mem 0x00000000000f0000-0x00000000000fffff] reserved
[    0.000000] BIOS-e820: [mem 0x0000000000100000-0x000000003ffeffff] usable
[    0.000000] BIOS-e820: [mem 0x000000003fff0000-0x000000003fffffff] ACPI data
[    0.000000] BIOS-e820: [mem 0x00000000fec00000-0x00000000fec00fff] reserved
[    0.000000] BIOS-e820: [mem 0x00000000fee00000-0x00000000fee00fff] reserved
[    0.000000] BIOS-e820: [mem 0x00000000fffc0000-0x00000000ffffffff] reserved
[    0.000000] NX (Execute Disable) protection: active
[    0.000000] SMBIOS 2.5 present.
[    0.000000] Hypervisor detected: KVM
[    0.000000] e820: last_pfn = 0x3fff0 max_arch_pfn = 0x400000000
[    0.000000] MTRR: Disabled
[    0.000000] x86/PAT: MTRRs disabled, skipping PAT initialization too.
[    0.000000] x86/PAT: Configuration [0-7]: WB  WT  UC- UC  WB  WT  UC- UC  
[    0.000000] CPU MTRRs all blank - virtualized system.
[    0.000000] found SMP MP-table at [mem 0x0009fff0-0x0009ffff] mapped at [ffff88000009fff0]
[    0.000000] Scanning 1 areas for low memory corruption
[    0.000000] RAMDISK: [mem 0x36ad8000-0x37563fff]
[    0.000000] ACPI: Early table checksum verification disabled
[    0.000000] ACPI: RSDP 0x00000000000E0000 000024 (v02 VBOX  )
[    0.000000] ACPI: XSDT 0x000000003FFF0030 00003C (v01 VBOX   VBOXXSDT 00000001 ASL  00000061)
[    0.000000] ACPI: FACP 0x000000003FFF00F0 0000F4 (v04 VBOX   VBOXFACP 00000001 ASL  00000061)
[    0.000000] ACPI: DSDT 0x000000003FFF0470 00210F (v01 VBOX   VBOXBIOS 00000002 INTL 20100528)
[    0.000000] ACPI: FACS 0x000000003FFF0200 000040
[    0.000000] ACPI: FACS 0x000000003FFF0200 000040
[    0.000000] ACPI: APIC 0x000000003FFF0240 00005C (v02 VBOX   VBOXAPIC 00000001 ASL  00000061)
[    0.000000] ACPI: SSDT 0x000000003FFF02A0 0001CC (v01 VBOX   VBOXCPUT 00000002 INTL 20100528)
[    0.000000] No NUMA configuration found
[    0.000000] Faking a node at [mem 0x0000000000000000-0x000000003ffeffff]
[    0.000000] NODE_DATA(0) allocated [mem 0x3ffeb000-0x3ffeffff]
[    0.000000] kvm-clock: Using msrs 4b564d01 and 4b564d00
[    0.000000] kvm-clock: cpu 0, msr 0:3ffe3001, primary cpu clock
[    0.000000] kvm-clock: using sched offset of 3774122899 cycles
[    0.000000] clocksource: kvm-clock: mask: 0xffffffffffffffff max_cycles: 0x1cd42e4dffb, max_idle_ns: 881590591483 ns
[    0.000000] Zone ranges:
[    0.000000]   DMA      [mem 0x0000000000001000-0x0000000000ffffff]
[    0.000000]   DMA32    [mem 0x0000000001000000-0x000000003ffeffff]
[    0.000000]   Normal   empty
[    0.000000]   Device   empty
[    0.000000] Movable zone start for each node
[    0.000000] Early memory node ranges
[    0.000000]   node   0: [mem 0x0000000000001000-0x000000000009efff]
[    0.000000]   node   0: [mem 0x0000000000100000-0x000000003ffeffff]
[    0.000000] Initmem setup node 0 [mem 0x0000000000001000-0x000000003ffeffff]
[    0.000000] ACPI: PM-Timer IO Port: 0x4008
[    0.000000] IOAPIC[0]: apic_id 2, version 32, address 0xfec00000, GSI 0-23
[    0.000000] ACPI: INT_SRC_OVR (bus 0 bus_irq 0 global_irq 2 dfl dfl)
[    0.000000] ACPI: INT_SRC_OVR (bus 0 bus_irq 9 global_irq 9 high level)
[    0.000000] Using ACPI (MADT) for SMP configuration information
[    0.000000] smpboot: Allowing 2 CPUs, 0 hotplug CPUs
[    0.000000] PM: Registered nosave memory: [mem 0x00000000-0x00000fff]
[    0.000000] PM: Registered nosave memory: [mem 0x0009f000-0x0009ffff]
[    0.000000] PM: Registered nosave memory: [mem 0x000a0000-0x000effff]
[    0.000000] PM: Registered nosave memory: [mem 0x000f0000-0x000fffff]
[    0.000000] e820: [mem 0x40000000-0xfebfffff] available for PCI devices
[    0.000000] Booting paravirtualized kernel on KVM
[    0.000000] clocksource: refined-jiffies: mask: 0xffffffff max_cycles: 0xffffffff, max_idle_ns: 7645519600211568 ns
[    0.000000] setup_percpu: NR_CPUS:512 nr_cpumask_bits:512 nr_cpu_ids:2 nr_node_ids:1
[    0.000000] PERCPU: Embedded 33 pages/cpu @ffff88003fc00000 s98264 r8192 d28712 u1048576
[    0.000000] PV qspinlock hash table entries: 256 (order: 0, 4096 bytes)
[    0.000000] Built 1 zonelists in Node order, mobility grouping on.  Total pages: 257913
[    0.000000] Policy zone: DMA32
[    0.000000] Kernel command line: BOOT_IMAGE=/boot/vmlinuz-4.4.0-66-generic root=LABEL=cloudimg-rootfs ro console=tty1 console=ttyS0
[    0.000000] PID hash table entries: 4096 (order: 3, 32768 bytes)
[    0.000000] Memory: 1001776K/1048120K available (8452K kernel code, 1293K rwdata, 3980K rodata, 1488K init, 1316K bss, 46344K reserved, 0K cma-reserved)
[    0.000000] SLUB: HWalign=64, Order=0-3, MinObjects=0, CPUs=2, Nodes=1
[    0.000000] Hierarchical RCU implementation.
[    0.000000] 	Build-time adjustment of leaf fanout to 64.
[    0.000000] 	RCU restricting CPUs from NR_CPUS=512 to nr_cpu_ids=2.
[    0.000000] RCU: Adjusting geometry for rcu_fanout_leaf=64, nr_cpu_ids=2
[    0.000000] NR_IRQS:33024 nr_irqs:440 16
[    0.000000] Console: colour VGA+ 80x25
[    0.000000] console [tty1] enabled
[    0.000000] console [ttyS0] enabled
[    0.000000] tsc: Detected 1199.999 MHz processor
[    1.272182] Calibrating delay loop (skipped) preset value.. 2399.99 BogoMIPS (lpj=4799996)
[    1.330955] pid_max: default: 32768 minimum: 301
[    1.372523] ACPI: Core revision 20150930
[    1.423772] ACPI: 2 ACPI AML tables successfully acquired and loaded
[    1.463860] Security Framework initialized
[    1.514554] Yama: becoming mindful.
[    1.564720] AppArmor: AppArmor initialized
[    1.614627] Dentry cache hash table entries: 131072 (order: 8, 1048576 bytes)
[    1.644626] Inode-cache hash table entries: 65536 (order: 7, 524288 bytes)
[    1.729467] Mount-cache hash table entries: 2048 (order: 2, 16384 bytes)
[    1.834537] Mountpoint-cache hash table entries: 2048 (order: 2, 16384 bytes)
[    1.915406] Initializing cgroup subsys io
[    1.933133] Initializing cgroup subsys memory
[    1.983617] Initializing cgroup subsys devices
[    2.023086] Initializing cgroup subsys freezer
[    2.064238] Initializing cgroup subsys net_cls
[    2.076299] Initializing cgroup subsys perf_event
[    2.077756] Initializing cgroup subsys net_prio
[    2.094977] Initializing cgroup subsys hugetlb
[    2.135778] Initializing cgroup subsys pids
[    2.215937] CPU: Physical Processor ID: 0
[    2.229551] CPU: Processor Core ID: 0
[    2.243994] mce: CPU supports 0 MCE banks
[    2.253573] Last level iTLB entries: 4KB 64, 2MB 8, 4MB 8
[    2.259636] Last level dTLB entries: 4KB 64, 2MB 0, 4MB 0, 1GB 4
[    2.284110] Freeing SMP alternatives memory: 32K (ffffffff820b9000 - ffffffff820c1000)
[    2.303603] ftrace: allocating 32123 entries in 126 pages
[    2.386076] smpboot: APIC(0) Converting physical 0 to logical package 0
[    2.408747] smpboot: Max logical packages: 1
[    2.410389] x2apic enabled
[    2.421750] Switched APIC routing to physical x2apic.
[    2.437698] ..TIMER: vector=0x30 apic1=0 pin1=2 apic2=-1 pin2=-1
[    2.550504] smpboot: CPU0: Intel(R) Core(TM) m5-6Y54 CPU @ 1.10GHz (family: 0x6, model: 0x4e, stepping: 0x3)
[    2.579103] Performance Events: unsupported p6 CPU model 78 no PMU driver, software events only.
[    2.583539] KVM setup paravirtual spinlock
[    2.589482] x86: Booting SMP configuration:
[    2.600450] .... node  #0, CPUs:      #1
[    2.601840] kvm-clock: cpu 1, msr 0:3ffe3041, secondary cpu clock
[    2.627968] mce: CPU supports 0 MCE banks
[    2.638484] x86: Booted up 1 node, 2 CPUs
[    2.643091] smpboot: Total of 2 processors activated (4799.99 BogoMIPS)
[    2.665695] devtmpfs: initialized
[    2.682985] evm: security.selinux
[    2.684146] evm: security.SMACK64
[    2.685215] evm: security.SMACK64EXEC
[    2.686782] evm: security.SMACK64TRANSMUTE
[    2.699147] evm: security.SMACK64MMAP
[    2.705781] evm: security.ima
[    2.712388] evm: security.capability
[    2.715646] clocksource: jiffies: mask: 0xffffffff max_cycles: 0xffffffff, max_idle_ns: 7645041785100000 ns
[    2.720381] pinctrl core: initialized pinctrl subsystem
[    2.748546] RTC time:  2:13:12, date: 03/17/17
[    2.757551] NET: Registered protocol family 16
[    2.784511] cpuidle: using governor ladder
[    2.833518] cpuidle: using governor menu
[    2.857425] PCCT header not found.
[    2.885529] ACPI: bus type PCI registered
[    2.935656] acpiphp: ACPI Hot Plug PCI Controller Driver version: 0.5
[    3.048498] PCI: Using configuration type 1 for base access
[    3.083912] ACPI: Added _OSI(Module Device)
[    3.150042] ACPI: Added _OSI(Processor Device)
[    3.207518] ACPI: Added _OSI(3.0 _SCP Extensions)
[    3.268280] ACPI: Added _OSI(Processor Aggregator Device)
[    3.303238] ACPI: Executed 1 blocks of module-level executable AML code
[    3.316734] ACPI: Interpreter enabled
[    3.363131] ACPI: (supports S0 S5)
[    3.397705] ACPI: Using IOAPIC for interrupt routing
[    3.465365] PCI: Using host bridge windows from ACPI; if necessary, use "pci=nocrs" and report a bug
[    3.597871] ACPI: PCI Root Bridge [PCI0] (domain 0000 [bus 00-ff])
[    3.622452] acpi PNP0A03:00: _OSC: OS supports [ASPM ClockPM Segments MSI]
[    3.697686] acpi PNP0A03:00: _OSC failed (AE_NOT_FOUND); disabling ASPM
[    3.776869] acpi PNP0A03:00: fail to add MMCONFIG information, can't access extended PCI configuration space under this bridge.
[    3.780578] PCI host bridge to bus 0000:00
[    3.823775] pci_bus 0000:00: root bus resource [io  0x0000-0x0cf7 window]
[    3.909303] pci_bus 0000:00: root bus resource [io  0x0d00-0xffff window]
[    3.981917] pci_bus 0000:00: root bus resource [mem 0x000a0000-0x000bffff window]
[    4.041966] pci_bus 0000:00: root bus resource [mem 0x40000000-0xffdfffff window]
[    4.124583] pci_bus 0000:00: root bus resource [bus 00-ff]
[    4.164088] pci 0000:00:01.1: legacy IDE quirk: reg 0x10: [io  0x01f0-0x01f7]
[    4.243102] pci 0000:00:01.1: legacy IDE quirk: reg 0x14: [io  0x03f6]
[    4.306291] pci 0000:00:01.1: legacy IDE quirk: reg 0x18: [io  0x0170-0x0177]
[    4.404890] pci 0000:00:01.1: legacy IDE quirk: reg 0x1c: [io  0x0376]
[    4.457607] pci 0000:00:07.0: quirk: [io  0x4000-0x403f] claimed by PIIX4 ACPI
[    4.539153] pci 0000:00:07.0: quirk: [io  0x4100-0x410f] claimed by PIIX4 SMB
[    4.587755] ACPI: PCI Interrupt Link [LNKA] (IRQs 5 9 10 *11)
[    4.608302] ACPI: PCI Interrupt Link [LNKB] (IRQs 5 9 10 *11)
[    4.649933] ACPI: PCI Interrupt Link [LNKC] (IRQs 5 9 *10 11)
[    4.653290] ACPI: PCI Interrupt Link [LNKD] (IRQs 5 *9 10 11)
[    4.683677] ACPI: Enabled 2 GPEs in block 00 to 07
[    4.694249] vgaarb: setting as boot device: PCI:0000:00:02.0
[    4.698914] vgaarb: device added: PCI:0000:00:02.0,decodes=io+mem,owns=io+mem,locks=none
[    4.701321] vgaarb: loaded
[    4.705837] vgaarb: bridge control possible 0000:00:02.0
[    4.720362] SCSI subsystem initialized
[    4.729407] ACPI: bus type USB registered
[    4.739683] usbcore: registered new interface driver usbfs
[    4.741324] usbcore: registered new interface driver hub
[    4.751223] usbcore: registered new device driver usb
[    4.767493] PCI: Using ACPI for IRQ routing
[    4.796686] NetLabel: Initializing
[    4.800242] NetLabel:  domain hash size = 128
[    4.813644] NetLabel:  protocols = UNLABELED CIPSOv4
[    4.822353] NetLabel:  unlabeled traffic allowed by default
[    4.836593] amd_nb: Cannot enumerate AMD northbridges
[    4.842431] clocksource: Switched to clocksource kvm-clock
[    4.863007] AppArmor: AppArmor Filesystem Enabled
[    4.885878] pnp: PnP ACPI init
[    4.899780] pnp: PnP ACPI: found 3 devices
[    4.932540] clocksource: acpi_pm: mask: 0xffffff max_cycles: 0xffffff, max_idle_ns: 2085701024 ns
[    4.963117] NET: Registered protocol family 2
[    4.974359] TCP established hash table entries: 8192 (order: 4, 65536 bytes)
[    5.005763] TCP bind hash table entries: 8192 (order: 5, 131072 bytes)
[    5.023287] TCP: Hash tables configured (established 8192 bind 8192)
[    5.038533] UDP hash table entries: 512 (order: 2, 16384 bytes)
[    5.057779] UDP-Lite hash table entries: 512 (order: 2, 16384 bytes)
[    5.091238] NET: Registered protocol family 1
[    5.093426] pci 0000:00:00.0: Limiting direct PCI/PCI transfers
[    5.106773] pci 0000:00:01.0: Activating ISA DMA hang workarounds
[    5.126420] Trying to unpack rootfs image as initramfs...
[    8.104090] Freeing initrd memory: 10800K (ffff880036ad8000 - ffff880037564000)
[    8.118843] platform rtc_cmos: registered platform RTC device (no PNP device found)
[    8.133673] Scanning for low memory corruption every 60 seconds
[    8.156857] futex hash table entries: 512 (order: 3, 32768 bytes)
[    8.163794] audit: initializing netlink subsys (disabled)
[    8.178147] audit: type=2000 audit(1489716799.149:1): initialized
[    8.188191] Initialise system trusted keyring
[    8.194371] HugeTLB registered 2 MB page size, pre-allocated 0 pages
[    8.209862] zbud: loaded
[    8.216600] VFS: Disk quotas dquot_6.6.0
[    8.223939] VFS: Dquot-cache hash table entries: 512 (order 0, 4096 bytes)
[    8.245120] squashfs: version 4.0 (2009/01/31) Phillip Lougher
[    8.312996] fuse init (API version 7.23)
[    8.315081] Key type big_key registered
[    8.338634] Allocating IMA MOK and blacklist keyrings.
[    8.362870] Key type asymmetric registered
[    8.383313] Asymmetric key parser 'x509' registered
[    8.411457] Block layer SCSI generic (bsg) driver version 0.4 loaded (major 249)
[    8.454661] io scheduler noop registered
[    8.488709] io scheduler deadline registered (default)
[    8.560420] io scheduler cfq registered
[    8.604852] pci_hotplug: PCI Hot Plug PCI Core version: 0.5
[    8.651220] pciehp: PCI Express Hot Plug Controller Driver version: 0.4
[    8.701236] ACPI: AC Adapter [AC] (on-line)
[    8.742499] input: Power Button as /devices/LNXSYSTM:00/LNXPWRBN:00/input/input0
[    8.912122] ACPI: Power Button [PWRF]
[    8.991689] input: Sleep Button as /devices/LNXSYSTM:00/LNXSLPBN:00/input/input1
[    9.119802] tsc: Refined TSC clocksource calibration: 1199.760 MHz
[    9.260951] clocksource: tsc: mask: 0xffffffffffffffff max_cycles: 0x114b38f8b8d, max_idle_ns: 440795208507 ns
[    9.261007] ACPI: Sleep Button [SLPF]
[    9.262552] ACPI: Battery Slot [BAT0] (battery present)
[    9.262592] GHES: HEST is not enabled!
[    9.443357] Serial: 8250/16550 driver, 32 ports, IRQ sharing enabled
[    9.495521] 00:02: ttyS0 at I/O 0x3f8 (irq = 4, base_baud = 115200) is a 16550A
[    9.587586] Linux agpgart interface v0.103
[    9.592122] brd: module loaded
[    9.593006] loop: module loaded
[    9.593620] scsi host0: ata_piix
[    9.593705] scsi host1: ata_piix
[    9.593754] ata1: PATA max UDMA/33 cmd 0x1f0 ctl 0x3f6 bmdma 0xd000 irq 14
[    9.593755] ata2: PATA max UDMA/33 cmd 0x170 ctl 0x376 bmdma 0xd008 irq 15
[    9.593868] libphy: Fixed MDIO Bus: probed
[    9.593872] tun: Universal TUN/TAP device driver, 1.6
[    9.593873] tun: (C) 1999-2004 Max Krasnyansky <maxk@qualcomm.com>
[    9.594329] PPP generic driver version 2.4.2
[    9.594401] ehci_hcd: USB 2.0 'Enhanced' Host Controller (EHCI) Driver
[    9.594406] ehci-pci: EHCI PCI platform driver
[    9.594425] ehci-platform: EHCI generic platform driver
[    9.594435] ohci_hcd: USB 1.1 'Open' Host Controller (OHCI) Driver
[    9.594438] ohci-pci: OHCI PCI platform driver
[    9.594448] ohci-platform: OHCI generic platform driver
[    9.594456] uhci_hcd: USB Universal Host Controller Interface driver
[    9.594521] i8042: PNP: PS/2 Controller [PNP0303:PS2K,PNP0f03:PS2M] at 0x60,0x64 irq 1,12
[    9.651980] serio: i8042 KBD port at 0x60,0x64 irq 1
[    9.651989] serio: i8042 AUX port at 0x60,0x64 irq 12
[    9.652207] mousedev: PS/2 mouse device common for all mice
[    9.652719] rtc_cmos rtc_cmos: rtc core: registered rtc_cmos as rtc0
[    9.652818] rtc_cmos rtc_cmos: alarms up to one day, 114 bytes nvram
[    9.652829] i2c /dev entries driver
[    9.653013] device-mapper: uevent: version 1.0.3
[    9.653096] device-mapper: ioctl: 4.34.0-ioctl (2015-10-28) initialised: dm-devel@redhat.com
[    9.653125] ledtrig-cpu: registered to indicate activity on CPUs
[    9.653507] NET: Registered protocol family 10
[    9.653798] NET: Registered protocol family 17
[    9.653811] Key type dns_resolver registered
[    9.701950] microcode: CPU0 sig=0x406e3, pf=0x2, revision=0x0
[    9.701999] microcode: CPU1 sig=0x406e3, pf=0x2, revision=0x0
[    9.702121] microcode: Microcode Update Driver: v2.01 <tigran@aivazian.fsnet.co.uk>, Peter Oruba
[    9.702369] registered taskstats version 1
[    9.702390] Loading compiled-in X.509 certificates
[    9.703560] Loaded X.509 cert 'Build time autogenerated kernel key: 32ca4feee90b5cde51f5f8c0e024b22f8c679982'
[    9.703590] zswap: loaded using pool lzo/zbud
[    9.705449] Key type trusted registered
[    9.708411] Key type encrypted registered
[    9.708418] AppArmor: AppArmor sha1 policy hashing enabled
[    9.708421] ima: No TPM chip found, activating TPM-bypass!
[    9.708529] evm: HMAC attrs: 0x1
[    9.708963]   Magic number: 9:634:207
[    9.733414] rtc_cmos rtc_cmos: setting system clock to 2017-03-17 02:13:19 UTC (1489716799)
[    9.733675] BIOS EDD facility v0.16 2004-Jun-25, 0 devices found
[    9.733676] EDD information not available.
[    9.874870] input: AT Translated Set 2 keyboard as /devices/platform/i8042/serio0/input/input2
[   10.123115] Freeing unused kernel memory: 1488K (ffffffff81f45000 - ffffffff820b9000)
[   10.154665] Write protecting the kernel read-only data: 14336k
[   10.180566] Freeing unused kernel memory: 1776K (ffff880001844000 - ffff880001a00000)
[   10.203057] Freeing unused kernel memory: 116K (ffff880001de3000 - ffff880001e00000)
Loading, please [   10.242441] random: systemd-udevd: uninitialized urandom read (16 bytes read, 5 bits of entropy available)
wait...
starting version 229
[   10.245224] random: udevadm: uninitialized urandom read (16 bytes read, 5 bits of entropy available)
[   10.245284] random: udevadm: uninitialized urandom read (16 bytes read, 5 bits of entropy available)
[   10.245490] random: udevadm: uninitialized urandom read (16 bytes read, 5 bits of entropy available)
[   10.245573] random: udevadm: uninitialized urandom read (16 bytes read, 5 bits of entropy available)
[   10.245648] random: udevadm: uninitialized urandom read (16 bytes read, 5 bits of entropy available)
[   10.245719] random: udevadm: uninitialized urandom read (16 bytes read, 5 bits of entropy available)
[   10.245789] random: udevadm: uninitialized urandom read (16 bytes read, 5 bits of entropy available)
[   10.245860] random: udevadm: uninitialized urandom read (16 bytes read, 5 bits of entropy available)
[   10.245929] random: udevadm: uninitialized urandom read (16 bytes read, 5 bits of entropy available)
[   10.628985] Fusion MPT base driver 3.04.20
[   10.667513] Copyright (c) 1999-2008 LSI Corporation
[   10.699846] e1000: Intel(R) PRO/1000 Network Driver - version 7.3.21-k8-NAPI
[   10.712490] e1000: Copyright (c) 1999-2006 Intel Corporation.
[   10.723528] Fusion MPT SPI Host driver 3.04.20
[   10.750640] AVX version of gcm_enc/dec engaged.
[   10.754998] AES CTR mode by8 optimization enabled
[   10.974771] input: ImExPS/2 Generic Explorer Mouse as /devices/platform/i8042/serio1/input/input4
[   11.204174] e1000 0000:00:03.0 eth0: (PCI:33MHz:32-bit) 02:0a:90:ed:0d:4f
[   11.232950] e1000 0000:00:03.0 eth0: Intel(R) PRO/1000 Network Connection
[   11.243869] mptbase: ioc0: Initiating bringup
[   11.306969] ioc0: LSI53C1030 A0: Capabilities={Initiator}
[   11.544632] scsi host2: ioc0: LSI53C1030 A0, FwRev=00000000h, Ports=1, MaxQ=256, IRQ=20
[   11.675210] scsi 2:0:0:0: Direct-Access     VBOX     HARDDISK         1.0  PQ: 0 ANSI: 5
[   11.691211] scsi target2:0:0: Beginning Domain Validation
[   11.701586] scsi target2:0:0: Domain Validation skipping write tests
[   11.708364] scsi target2:0:0: Ending Domain Validation
[   11.710090] scsi target2:0:0: asynchronous
[   11.714884] scsi 2:0:1:0: Direct-Access     VBOX     HARDDISK         1.0  PQ: 0 ANSI: 5
[   11.740517] scsi target2:0:1: Beginning Domain Validation
[   11.756540] scsi target2:0:1: Domain Validation skipping write tests
[   11.766292] scsi target2:0:1: Ending Domain Validation
[   11.773512] scsi target2:0:1: asynchronous
[   11.916693] sd 2:0:0:0: Attached scsi generic sg0 type 0
[   11.919376] sd 2:0:0:0: [sda] 20971520 512-byte logical blocks: (10.7 GB/10.0 GiB)
[   12.073869] sd 2:0:1:0: Attached scsi generic sg1 type 0
[   12.091788] sd 2:0:1:0: [sdb] 20480 512-byte logical blocks: (10.5 MB/10.0 MiB)
[   12.117620] sd 2:0:0:0: [sda] Write Protect is off
[   12.132542] sd 2:0:1:0: [sdb] Write Protect is off
[   12.143093] sd 2:0:0:0: [sda] Incomplete mode parameter data
[   12.153585] sd 2:0:1:0: [sdb] Incomplete mode parameter data
[   12.153587] sd 2:0:1:0: [sdb] Assuming drive cache: write through
[   12.162859] sd 2:0:1:0: [sdb] Attached SCSI disk
[   12.219626] e1000 0000:00:08.0 eth1: (PCI:33MHz:32-bit) 08:00:27:95:fc:61
[   12.219630] e1000 0000:00:08.0 eth1: Intel(R) PRO/1000 Network Connection
[   12.295543] e1000 0000:00:03.0 enp0s3: renamed from eth0
[   12.330736] sd 2:0:0:0: [sda] Assuming drive cache: write through
[   12.338192]  sda: sda1
[   12.342219] sd 2:0:0:0: [sda] Attached SCSI disk
[   12.348500] e1000 0000:00:08.0 enp0s8: renamed from eth1
[   13.598913] floppy0: no floppy controllers found
Begin: Loading e[   15.232355] md: linear personality registered for level -1
ssential drivers ... [   15.252132] md: multipath personality registered for level -4
[   15.264289] md: raid0 personality registered for level 0
[   15.299918] md: raid1 personality registered for level 1
[   15.406568] raid6: sse2x1   gen()  5351 MB/s
[   15.474685] raid6: sse2x1   xor()  2398 MB/s
[   15.546773] raid6: sse2x2   gen()  3407 MB/s
[   15.614492] raid6: sse2x2   xor()  4614 MB/s
[   15.701960] raid6: sse2x4   gen()  8376 MB/s
[   15.799080] raid6: sse2x4   xor()  5785 MB/s
[   15.806159] raid6: using algorithm sse2x4 gen() 8376 MB/s
[   15.808335] raid6: .... xor() 5785 MB/s, rmw enabled
[   15.847852] raid6: using ssse3x2 recovery algorithm
[   15.875101] xor: automatically using best checksumming function:
[   15.966635]    avx       : 13425.000 MB/sec
[   16.018448] async_tx: api initialized (async)
[   16.092053] md: raid6 personality registered for level 6
[   16.103658] md: raid5 personality registered for level 5
[   16.153889] md: raid4 personality registered for level 4
[   16.172530] md: raid10 personality registered for level 10
done.
Begin: Running /scripts/init-premount ... done.
Begin: Mounti[   16.237174] Btrfs loaded
ng root file system ... Begin: Running /scripts/local-top ... done.
Begin: Running /scripts/local-premount ... Scanning for Btrfs filesystems
done.
Warning: fsck no[   16.331611] EXT4-fs (sda1): mounted filesystem with ordered data mode. Opts: (null)
t present, so skipping root file system
done.
Begin: Running /scripts/local-bottom ... done.
Begin: Running /scripts/init-bottom ... done.
[   16.707049] systemd[1]: systemd 229 running in system mode. (+PAM +AUDIT +SELINUX +IMA +APPARMOR +SMACK +SYSVINIT +UTMP +LIBCRYPTSETUP +GCRYPT +GNUTLS +ACL +XZ -LZ4 +SECCOMP +BLKID +ELFUTILS +KMOD -IDN)
[   16.718874] systemd[1]: Detected virtualization oracle.
[   16.739962] systemd[1]: Detected architecture x86-64.

Welcome to [1mUbuntu 16.04.2 LTS[0m!

[   16.793543] systemd[1]: Set hostname to <ubuntu>.
[   16.801394] systemd[1]: Initializing machine ID from random generator.
[   16.823523] systemd[1]: Installed transient /etc/machine-id file.
[   17.044831] systemd[1]: Listening on LVM2 metadata daemon socket.
[[0;32m  OK  [0m] Listening on LVM2 metadata daemon socket.
[   17.135136] systemd[1]: Listening on Journal Socket (/dev/log).
[[0;32m  OK  [0m] Listening on Journal Socket (/dev/log).
[   17.153368] systemd[1]: Created slice System Slice.
[[0;32m  OK  [0m] Created slice System Slice.
[   17.203338] systemd[1]: Created slice system-serial\x2dgetty.slice.
[[0;32m  OK  [0m] Created slice system-serial\x2dgetty.slice.
[   17.248049] systemd[1]: Reached target Encrypted Volumes.
[[0;32m  OK  [0m] Reached target Encrypted Volumes.
[   17.275130] systemd[1]: Listening on Syslog Socket.
[[0;32m  OK  [0m] Listening on Syslog Socket.
[   17.331462] systemd[1]: Listening on Journal Audit Socket.
[[0;32m  OK  [0m] Listening on Journal Audit Socket.
[   17.464605] systemd[1]: Listening on Device-mapper event daemon FIFOs.
[[0;32m  OK  [0m] Listening on Device-mapper event daemon FIFOs.
[   17.609557] systemd[1]: Started Forward Password Requests to Wall Directory Watch.
[[0;32m  OK  [0m] Started Forward Password Requests to Wall Directory Watch.
[   17.799043] systemd[1]: Listening on udev Kernel Socket.
[[0;32m  OK  [0m] Listening on udev Kernel Socket.
[   17.864269] systemd[1]: Listening on /dev/initctl Compatibility Named Pipe.
[[0;32m  OK  [0m] Listening on /dev/initctl Compatibility Named Pipe.
[   17.939253] systemd[1]: Reached target User and Group Name Lookups.
[[0;32m  OK  [0m] Reached target User and Group Name Lookups.
[   18.040041] systemd[1]: Listening on LVM2 poll daemon socket.
[[0;32m  OK  [0m] Listening on LVM2 poll daemon socket.
[   18.084311] systemd[1]: Set up automount Arbitrary Executable File Formats File System Automount Point.
[[0;32m  OK  [0m] Set up automount Arbitrary Executab...ats File System Automount Point.
[   18.090170] systemd[1]: Listening on Journal Socket.
[[0;32m  OK  [0m] Listening on Journal Socket.
[   18.195159] systemd[1]: Mounting POSIX Message Queue File System...
         Mounting POSIX M[   18.268409] random: nonblocking pool is initialized
essage Queue File System...
[   18.358878] systemd[1]: Mounting Debug File System...
         Mounting Debug File System...
[   18.400239] systemd[1]: Starting Monitoring of LVM2 mirrors, snapshots etc. using dmeventd or progress polling...
         Starting Monitoring of LVM2 mirrors... dmeventd or progress polling...
[   18.551166] systemd[1]: Starting Set console keymap...
         Starting Set console keymap...
[   18.619620] systemd[1]: Starting Create list of required static device nodes for the current kernel...
         Starting Create list of required st... nodes for the current kernel...
[   18.799066] systemd[1]: Starting Nameserver information manager...
         Starting Nameserver information manager...
[   18.935151] systemd[1]: Starting Remount Root and Kernel File Systems...
         [   18.979942] EXT4-fs (sda1): re-mounted. Opts: (null)
Starting Remount Root and Kernel File Systems...
[   19.091176] systemd[1]: Starting Load Kernel Modules...
         Starting Load Ke[   19.145015] Loading iSCSI transport class v2.0-870.
rnel Modules...
[   19.236385] systemd[1]: Reached target Swap.
[[0;32m  OK  [0[   19.259850] iscsi: registered transport (tcp)
m] Reached target Swap.
[   19.399079] systemd[1]: Starting Journal Service...
         Starting Journal Service...
[   19.433712] iscsi: registered transport (iser)
[   19.451266] systemd[1]: Starting Uncomplicated firewall...
         Starting Uncomplicated firewall...
[   19.575387] systemd[1]: Mounting Huge Pages File System...
         Mounting Huge Pages File System...
[   19.655735] systemd[1]: Listening on udev Control Socket.
[[0;32m  OK  [0m] Listening on udev Control Socket.
[   19.739364] systemd[1]: Created slice User and Session Slice.
[[0;32m  OK  [0m] Created slice User and Session Slice.
[   19.891017] systemd[1]: Reached target Slices.
[[0;32m  OK  [0m] Reached target Slices.
[   20.012429] systemd[1]: Mounted POSIX Message Queue File System.
[[0;32m  OK  [0m] Mounted POSIX Message Queue File System.
[   20.096494] systemd[1]: Mounted Debug File System.
[[0;32m  OK  [0m] Mounted Debug File System.
[   20.114916] systemd[1]: Mounted Huge Pages File System.
[[0;32m  OK  [0m] Mounted Huge Pages File System.
[   20.164644] systemd[1]: Started Journal Service.
[[0;32m  OK  [0m] Started Journal Service.
[[0;32m  OK  [0m] Started Set console keymap.
[[0;32m  OK  [0m] Started Create list of required sta...ce nodes for the current kernel.
[[0;32m  OK  [0m] Started Remount Root and Kernel File Systems.
[[0;32m  OK  [0m] Started Load Kernel Modules.
[[0;32m  OK  [0m] Started Uncomplicated firewall.
[[0;32m  OK  [0m] Started Nameserver information manager.
[[0;32m  OK  [0m] Started LVM2 metadata daemon.
         Mounting FUSE Control File System...
         Starting Apply Kernel Variables...
         Starting udev Coldplug all Devices...
         Starting Initial cloud-init job (pre-networking)...
         Starting Load/Save Random Seed...
         Starting Create Static Device Nodes in /dev...
         Starting Flush Journal to Persistent Storage...
[[0;32m  OK  [0m] Mounted FUSE Control File System.
[[0;32m  OK  [0m] Started Apply Kernel Variables.
[[0;32m  OK  [0m] Started Monitoring of LVM2 mirrors,...ng dmeventd or progress polling.
[[0;32m  OK  [0m] Started Load/Save Random Seed.
[[0;32m  OK  [0m] Started Create Static Device Nodes in /dev.
[[0;32m  OK  [0m] Started udev Coldplug all Devices.
[[0;32m  OK  [0m] Started Flush Journal to Persistent Storage.
         Starting udev Kernel Device Manager...
[[0;32m  OK  [0m] Started udev Kernel Device Manager.
[[0;32m  OK  [0m] Reached target Local File Systems (Pre).
[[0;32m  OK  [0m] Reached target Local File Systems.
         Starting Create Volatile Files and Directories...
         Starting Set console font and keymap...
         Starting LSB: AppArmor initialization...
         Starting Tell Plymouth To Write Out Runtime Data...
         Starting Commit a transient machine-id on disk...
[[0;32m  OK  [0m] Started Dispatch Password Requests to Console Directory Watch.
[[0;32m  OK  [0m] Started Create Volatile Files and Directories.
[[0;32m  OK  [0m] Started Tell Plymouth To Write Out Runtime Data.
[[0;32m  OK  [0m] Started Commit a transient machine-id on disk.
[[0;32m  OK  [0m] Found device /dev/ttyS0.
[[0;32m  OK  [0m] Reached target System Time Synchronized.
         Starting Update UTMP about System Boot/Shutdown...
[[0;32m  OK  [0m] Started Update UTMP about System Boot/Shutdown.
[   18.757096] cloud-init[475]: Cloud-init v. 0.7.9 running 'init-local' at Fri, 17 Mar 2017 02:13:31 +0000. Up 17.89 seconds.
[[0;32m  OK  [0m] Started Initial cloud-init job (pre-networking).
[[0;32m  OK  [0m] Listening on Load/Save RF Kill Switch Status /dev/rfkill Watch.
[[0;32m  OK  [0m] Reached target Network (Pre).
[[0;32m  OK  [0m] Started LSB: AppArmor initialization.
         Starting Raise network interfaces...
[[0;32m  OK  [0m] Started Set console font and keymap.
[[0;32m  OK  [0m] Created slice system-getty.slice.
[[0;32m  OK  [0m] Started Raise network interfaces.
         Starting Initial cloud-init job (metadata service crawler)...
[[0;32m  OK  [0m] Reached target Network.
[   21.793993] cloud-init[1060]: Cloud-init v. 0.7.9 running 'init' at Fri, 17 Mar 2017 02:13:35 +0000. Up 21.01 seconds.
[   21.806666] cloud-init[1060]: ci-info: +++++++++++++++++++++++++++++++++++++Net device info+++++++++++++++++++++++++++++++++++++
[   21.852551] cloud-init[1060]: ci-info: +--------+-------+--------------------------+---------------+-------+-------------------+
[   21.904594] cloud-init[1060]: ci-info: | Device |   Up  |         Address          |      Mask     | Scope |     Hw-Address    |
[[   21.915953] cloud-init[1060]: ci-info: +--------+-------+--------------------------+---------------+-------+-------------------+
[   21.916826] cloud-init[1060]: ci-info: | enp0s3 |  True |        10.0.2.15         | 255.255.255.0 |   .   | 02:0a:90:ed:0d:4f |
[   21.917201] cloud-init[1060]: ci-info: | enp0s3 |  True | fe80::a:90ff:feed:d4f/64 |       .       |  link | 02:0a:90:ed:0d:4f |
[0;32m  OK  [0m] Started Initial cloud-init job (metadata service crawler).
[   21.918172] cloud-init[1060]: ci-info: |   lo   |  True |        127.0.0.1         |   255.0.0.0   |   .   |         .         |
[   22.155358] cloud-init[1060]: ci-info: |   lo   |  True |         ::1/128          |       .       |  host |         .         |
[   22.156010] cloud-init[1060]: ci-info: | enp0s8 | False |            .             |       .       |   .   | 08:00:27:95:fc:61 |
[[0;32m  OK  [0m] Reached target Network is Online.
[   22.156454] cloud-init[1060]: ci-info: +--------+-------+--------------------------+---------------+-------+-------------------+
[   22.360760] cloud-init[1060]: ci-info: +++++++++++++++++++++++++++Route IPv4 info++++++++++++++++++++++++++++
[   22.361117] cloud-init[1060]: ci-info: +-------+-------------+----------+---------------+-----------+-------+
         Starting iSCSI initiator daemon (iscsid)...
[[   22.361384] cloud-init[1060]: ci-info: | Route | Destination | Gateway  |    Genmask    | Interface | Flags |
[   22.465724] cloud-init[1060]: ci-info: +-------+-------------+----------+---------------+-----------+-------+
[0;32m  OK  [0m] Reached target System Initialization.
[[   22.465957] cloud-init[1060]: ci-info: |   0   |   0.0.0.0   | 10.0.2.2 |    0.0.0.0    |   enp0s3  |   UG  |
[   22.587103] cloud-init[1060]: ci-info: |   1   |   10.0.2.0  | 0.0.0.0  | 255.255.255.0 |   enp0s3  |   U   |
[0;32m  OK  [0m] Listening on ACPID Listen Socket.
[[   22.587320] cloud-init[1060]: ci-info: +-------+-------------+----------+---------------+-----------+-------+
[   22.713480] cloud-init[1060]: Generating public/private rsa key pair.
[   22.713638] cloud-init[1060]: Your identification has been saved in /etc/ssh/ssh_host_rsa_key.
[0;32m  OK  [0m] Started Trigger resolvconf update for networkd DNS.
[   22.713858] cloud-init[1060]: Your public key has been saved in /etc/ssh/ssh_host_rsa_key.pub.
[   22.813325] cloud-init[1060]: The key fingerprint is:
[   22.814104] cloud-init[1060]: SHA256:tUNu/mXWcKXQNoJSjveSTFcyhfG0euMMEmyZ6KJc44s root@ubuntu-xenial
[[0;32m  OK  [0m] Started ACPI Events Check.
[   22.814433] cloud-init[1060]: The key's randomart image is:
[   22.868603] cloud-init[1060]: +---[RSA 2048]----+
[   22.869040] cloud-init[1060]: |          . +++  |
[[0;32m  OK  [0m] Reached target Paths.
[[   22.869274] cloud-init[1060]: |         * +.B . |
[   22.965091] cloud-init[1060]: |        + & + * .|
[0;32m  OK  [0m] Listening on D-Bus System Message Bus Socket.
         [   22.965229] Starting Socket activation for snappy daemon.cloud-init
[1060]: |       . X * = o.|
[   23.108724] cloud-init[1060]: |      + S X + = .|
[   23.109128] cloud-init[1060]: |   . + o o + = = |
[[0;32m  OK  [0m] Started Timer to automatically refresh installed snaps.
[   23.109356] cloud-init[1060]: |    o .   .   * .|
[   23.288614] cloud-init[1060]: |     . .   . +   |
[   23.289127] cloud-init[1060]: |    E .     .    |
         Starting LXD - unix socket.
[   23.289417] cloud-init[1060]: +----[SHA256]-----+
[   23.355144] cloud-init[1060]: Generating public/private dsa key pair.
[[0;32m  OK  [0m] Listening on UUID daemon activation socket.
[[   23.355328] cloud-init[1060]: Your identification has been saved in /etc/ssh/ssh_host_dsa_key.
[   23.391727] cloud-init[1060]: Your public key has been saved in /etc/ssh/ssh_host_dsa_key.pub.
[0;32m  OK  [0m] Started Daily apt activities.
[   23.391918] cloud-init[1060]: The key fingerprint is:
[   23.496725] cloud-init[1060]: SHA256:mMO9KzAXp1KbIwxlm0kWkt2CgOC1P3BaABbiMdw6PHY root@ubuntu-xenial
[   23.497353] cloud-init[1060]: The key's randomart image is:
[[0;32m  OK  [0m] Started Daily Cleanup of Temporary Directories.
[   23.497526] cloud-init[1060]: +---[DSA 1024]----+
[   23.649249] cloud-init[1060]: |BB=*.o           |
[[0;32m  OK  [0m] Reached target Timers.
[   23.651489] cloud-init[1060]: |*.*oX .          |
[   23.714395] cloud-init[1060]: |.o.B B           |
[[0;32m  OK  [0m] Reached target Cloud-config availability.
[   23.714563] cloud-init[1060]: | *.EX.o+.        |
[   23.789012] cloud-init[1060]: |. ++ +=*S        |
[[0;32m  OK  [0m] Listening on Socket activation for snappy daemon.
[[0;32m  OK  [0m] Listening on LXD - unix socket.
[[0;32m  OK  [0m] Started iSCSI initiator daemon (iscsid).
[   23.790140] cloud-init[1060]: |    * B. .       |
[   23.904831] cloud-init[1060]: |     * ..        |
[   23.920649] cloud-init[1060]: |      .  .       |
         Starting Login to default iSCSI targets...
[[0;32m  OK  [0m] Reached target Sockets.
[[0;32m  OK  [0m] Reached target Basic System.
[   23.941151] cloud-init[1060]: |       ..        |
[   24.036145] cloud-init[1060]: +----[SHA256]-----+
[   24.056736] cloud-init[1060]: Generating public/private ecdsa key pair.
[   24.057650] cloud-init[1060]: Your identification has been saved in /etc/ssh/ssh_host_ecdsa_key.
[[0;32m  OK  [0m] Started Regular background program processing daemon.
[   24.058581] cloud-init[1060]: Your public key has been saved in /etc/ssh/ssh_host_ecdsa_key.pub.
[   24.176926] cloud-init[1060]: The key fingerprint is:
[   24.177508] cloud-init[1060]: SHA256:CRokmWT1cu4YlYANx0ITPXgT7LSNz8ZWZx/WPGP/HnM root@ubuntu-xenial
         Starting LSB: MD monitoring daemon...
[   24.177685] cloud-init[1060]: The key's randomart image is:
[   24.313009] cloud-init[1060]: +---[ECDSA 256]---+
[   24.313457] cloud-init[1060]: | oO&*.           |
[   24.313701] cloud-init[1060]: | .*=Xo .         |
         Starting /etc/rc.local Compatibility...
[   24.314012] cloud-init[1060]: |   =o**      o   |
[   24.379525] cloud-init[1060]: |    +B....o o *  |
[   24.384070] cloud-init[1060]: |    o+..So o o + |
[   24.392818] cloud-init[1060]: |     +*     .   .|
[   24.393711] cloud-init[1060]: |    .o.        oE|
[   24.394487] cloud-init[1060]: |                =|
[[0;32m  OK  [0m] Started D-Bus System Message Bus.
[   24.395771] cloud-init[1060]: |               ..|
[   24.448670] cloud-init[1060]: +----[SHA256]-----+
[   24.492596]          Starting Login Service...
cloud-init[1060]: Generating public/private ed25519 key pair.
[   24.511579] [[0;32m  OK  [0m] Started ACPI event daemon.
         Starting System Logging Service...
cloud-init[1060]: Your identification has been saved in /etc/ssh/ssh_host_ed25519_key.
         Starting Accounts Service...
[   24.569031] cloud-init[1060]: Your public key has been saved in /etc/ssh/ssh_host_ed25519_key.pub.
[   24.616766]          cloud-initStarting LXD - container startup/shutdown...[1060]: 
The key fingerprint is:
[   24.649060]          cloud-initStarting Apply the settings specified in cloud-config...[1060]: 
SHA256:sirpg400xjzlJIz8gsdrZPl95ugSVGv5oxY+XiOyBYA root@ubuntu-xenial
[   24.654279] cloud-init[1060]: The key's randomart image is:
[[0;32m  OK  [0m] Started Deferred execution scheduler.
[   24.668604] cloud-init[1060]: +--[ED25519 256]--+
         Starting Pollinate to seed the pseudo random number generator...
[   24.687952] cloud-init[1060]: |                 |
[[0;32m  OK  [0m] Started FUSE filesystem for LXC.
         Starting LSB: Record successful boot for GRUB...
[   24.728984] cloud-init[1060]: | .    .          |
[[0;32m  OK  [0m] Started Snappy daemon.
[   24.780782] cloud-init[1060]: |E .  . o         |
[   24.828543] cloud-init[1060]: |.+ +. +          |
[   24.846053]          cloud-initStarting Auto import assertions from block devices...[1060]: 
|+.*o....S        |
[   24.852810] [cloud-init[0;32m  OK  [0m[1060]: ] |.O*o...oo        |Started System Logging Service.

[[0;32m  OK  [0m] Started /etc/rc.local Compatibility.
[[0;32m  OK  [0m] Started LXD - container startup/shutdown.
[[0;32m  OK  [0m] Started Auto import assertions from block devices.
[   24.963060] cloud-init[1060]: |oB++.++oo.       |
[   25.067632] cloud-init[1060]: |o B o=*+o.       |
[   25.073390] cloud-init[1060]: | o.oo=+=.        |
[   25.077122] cloud-init[1060]: +----[SHA256]-----+
[[0;32m  OK  [0m] Started Login to default iSCSI targets.
[[0;32m  OK  [0m] Started LSB: MD monitoring daemon.
[[0;32m  OK  [0m] Started LSB: Record successful boot for GRUB.
[[0;32m  OK  [0m] Started Login Service.
         Starting Authenticate and Authorize Users to Run Privileged Tasks...
[[0;32m  OK  [0m] Reached target Remote File Systems (Pre).
[[0;32m  OK  [0m] Reached target Remote File Systems.
         Starting LSB: automatic crash report generation...
         Starting LSB: daemon to balance interrupts for SMP systems...
         Starting Permit User Sessions...
         Starting LSB: Set the CPU Frequency Scaling governor to "ondemand"...
         Starting LSB: VirtualBox Linux Additions...
[[0;32m  OK  [0m] Started Permit User Sessions.
[[0;32m  OK  [0m] Started Authenticate and Authorize Users to Run Privileged Tasks.
[[0;32m  OK  [0m] Started Accounts Service.
[[0;32m  OK  [0m] Started LSB: automatic crash report generation.
[[0;32m  OK  [0m] Started LSB: daemon to balance interrupts for SMP systems.
         Starting Hold until boot process finishes up...
         Starting Terminate Plymouth Boot Screen...
[[0;32m  OK  [0m] Started LSB: Set the CPU Frequency Scaling governor to "ondemand".
[[0;32m  OK  [0m] Started LSB: VirtualBox Linux Additions.
[[0;32m  OK  [0m] Started Hold until boot process finishes up.
[[0;32m  OK  [0m] Started Terminate Plymouth Boot Screen.
         Starting Set console scheme...
[[0;32m  OK  [0m] Started Serial Getty on ttyS0.
[[0;32m  OK  [0m] Started Getty on tty1.
[[0;32m  OK  [0m] Reached target Login Prompts.
[   25.850405] [cloud-init[0;32m  OK  [0m[1192]: ] Generating locales (this might take a while)...Started Set console scheme.

[[0;32m  OK  [0m] Started Pollinate to seed the pseudo random number generator.
         Starting OpenBSD Secure Shell server...
[[0;32m  OK  [0m] Started OpenBSD Secure Shell server.
[[0;32m  OK  [0m] Reached target Multi-User System.
[[0;32m  OK  [0m] Reached target Graphical Interface.
         Starting Update UTMP about System Runlevel Changes...
[[0;32m  OK  [0m] Started Update UTMP about System Runlevel Changes.
[   27.643358] cloud-init[1192]:   en_US.UTF-8... done
[   27.674218] cloud-init[1192]: Generation complete.
         Stopping OpenBSD Secure Shell server...
[[0;32m  OK  [0m] Stopped OpenBSD Secure Shell server.
         Starting OpenBSD Secure Shell server...
[[0;32m  OK  [0m] Started OpenBSD Secure Shell server.
[[0;32m  OK  [0m] Created slice User Slice of ubuntu.
         Starting User Manager for UID 1000...
[[0;32m  OK  [0m] Started Session 1 of user ubuntu.
[[0;32m  OK  [0m] Started User Manager for UID 1000.
[   28.294744] cloud-init[1192]: Cloud-init v. 0.7.9 running 'modules:config' at Fri, 17 Mar 2017 02:13:39 +0000. Up 25.57 seconds.
[[0;32m  OK  [0m] Started Apply the settings specified in cloud-config.
         Starting Execute cloud user/final scripts...
ci-info: no authorized ssh keys fingerprints found for user ubuntu.
<14>Mar 17 02:13:43 ec2: 
<14>Mar 17 02:13:43 ec2: #############################################################
<14>Mar 17 02:13:43 ec2: -----BEGIN SSH HOST KEY FINGERPRINTS-----
<14>Mar 17 02:13:43 ec2: 1024 SHA256:mMO9KzAXp1KbIwxlm0kWkt2CgOC1P3BaABbiMdw6PHY root@ubuntu-xenial (DSA)
<14>Mar 17 02:13:43 ec2: 256 SHA256:CRokmWT1cu4YlYANx0ITPXgT7LSNz8ZWZx/WPGP/HnM root@ubuntu-xenial (ECDSA)
<14>Mar 17 02:13:43 ec2: 256 SHA256:sirpg400xjzlJIz8gsdrZPl95ugSVGv5oxY+XiOyBYA root@ubuntu-xenial (ED25519)
<14>Mar 17 02:13:43 ec2: 2048 SHA256:tUNu/mXWcKXQNoJSjveSTFcyhfG0euMMEmyZ6KJc44s root@ubuntu-xenial (RSA)
<14>Mar 17 02:13:43 ec2: -----END SSH HOST KEY FINGERPRINTS-----
<14>Mar 17 02:13:43 ec2: #############################################################
-----BEGIN SSH HOST KEY KEYS-----
ecdsa-sha2-nistp256 AAAAE2VjZHNhLXNoYTItbmlzdHAyNTYAAAAIbmlzdHAyNTYAAABBBFsTqLLCQ0kdeCk0DLwp5lk7KpMe4yUxZzpoaGzu65LE2Eo5KBWmOLdL05k/J78/jHQswW1n5FWv7lJHmaYFvH4= root@ubuntu-xenial
ssh-ed25519 AAAAC3NzaC1lZDI1NTE5AAAAIDyljlLn5kyoPjAtuzVb7xT/nCf8DnwYZ6rYYRiOczCr root@ubuntu-xenial
ssh-rsa AAAAB3NzaC1yc2EAAAADAQABAAABAQDGLkIkMlpuJAQ0sdVh3GujTY5T9mnuwVvdb94IDSdE5M0YT8y0QJ+Dt3VjGh+N3Na871r+lWH0tSqYRigzTOYJvT9okDiojiAGXmJIMAaxbjkLFS+qPF5OfLgKQ+vYQBDRCJWG8aJ55Ck5zj4ku/+wTCD48CYn6Ds7VrGsQWv99St2pkim9Xh1X4gliiIbP7NyQ2dLXDU++tuCI6xhOmSPL3vpuV0hXA16Ekpb7RNwAQBp1KQzfGPQsfKU82DOJ5L+h1t3kdyc4N6VVLM73d4dVsoFjZIongWPTY+pONFscsIZ9q2Nw5F+QkJNj/7ZSCfSt7Dk92NAA+tyr6cW4nA9 root@ubuntu-xenial
-----END SSH HOST KEY KEYS-----
[   29.618849] cloud-init[1457]: Cloud-init v. 0.7.9 running 'modules:final' at Fri, 17 Mar 2017 02:13:43 +0000. Up 29.13 seconds.
[   29.639472] cloud-init[1457]: ci-info: no authorized ssh keys fingerprints found for user ubuntu.
[   29.652508] cloud-init[1457]: Cloud-init v. 0.7.9 finished at Fri, 17 Mar 2017 02:13:43 +0000. Datasource DataSourceNoCloud [seed=/dev/sdb][dsmode=net].  Up 29.60 seconds
[[0;32m  OK  [0m] Started Execute cloud user/final scripts.
[[0;32m  OK  [0m] Reached target Cloud-init target.

Ubuntu 16.04.2 LTS ubuntu-xenial ttyS0

ubuntu-xenial login: 